// Jest Snapshot v1, https://goo.gl/fbAQLP

exports[`IssueCard matches snapshot 1`] = `
<DocumentFragment>
  <div
    class="ant-card ant-card-bordered ant-card-small card css-dev-only-do-not-override-1kuana8"
  >
    <div
      class="ant-card-body"
    >
      <div
        class="ant-flex css-dev-only-do-not-override-1kuana8 ant-flex-align-stretch ant-flex-vertical"
      >
        <span
          class="ant-typography css-dev-only-do-not-override-1kuana8"
        >
          Title 2
        </span>
        <span
          class="ant-typography ant-typography-secondary css-dev-only-do-not-override-1kuana8"
        >
          #2022 opened today
        </span>
        <span
          class="ant-typography ant-typography-secondary css-dev-only-do-not-override-1kuana8"
        >
          username | Comments: 22
        </span>
      </div>
    </div>
  </div>
</DocumentFragment>
`;
