// Jest Snapshot v1, https://goo.gl/fbAQLP

exports[`InfoBarStatus matches snapshot 1`] = `
<DocumentFragment>
  <div
    class="ant-typography info-bar__status css-dev-only-do-not-override-1kuana8"
  >
    <i>
      <span
        aria-label="warning"
        class="anticon anticon-warning info-bar__icon"
        role="img"
        style="color: rgb(255, 77, 79);"
      >
        <svg
          aria-hidden="true"
          data-icon="warning"
          fill="currentColor"
          focusable="false"
          height="1em"
          viewBox="64 64 896 896"
          width="1em"
        >
          <path
            d="M464 720a48 48 0 1096 0 48 48 0 10-96 0zm16-304v184c0 4.4 3.6 8 8 8h48c4.4 0 8-3.6 8-8V416c0-4.4-3.6-8-8-8h-48c-4.4 0-8 3.6-8 8zm475.7 440l-416-720c-6.2-10.7-16.9-16-27.7-16s-21.6 5.3-27.7 16l-416 720C56 877.4 71.4 904 96 904h832c24.6 0 40-26.6 27.7-48zm-783.5-27.9L512 239.9l339.8 588.2H172.2z"
          />
        </svg>
      </span>
      Something went wrong.
    </i>
  </div>
</DocumentFragment>
`;
